border_size=1
usage=map

Xu          , Xu          , Xu          , Xu          , Xu          , Xu          , Xu          , Xu          , Xu          , Xu          , Xu          , Xu          , Xu          , Xu          , Xu          , Xu          , Xu          , Xu          , Xu          , Xu          , Xu          , Xu          , Xu          , Xu          , Xu          , Xu          , Xu          , Ww          , Wwr         , Uu          , Uu          , Ww          , Ww          , Uu          , Uu^Uf       , Xu          , Xu          
Xu          , Xu          , Xu          , Xu          , Xu          , Xu          , Xu          , Uu          , Re          , Xu          , Xu          , Xu          , Xu          , Xu          , Xu          , Xu          , Rd          , Re          , Re          , Xu          , Xu          , Re          , Re          , Xu          , Xu          , Xu          , Xu          , Ww          , Ww          , Uu          , Uu          , Ww          , Ww          , Uu^Uf       , Xu          , Xu          , Xu          
Xu          , Xu          , Rd          , Xu          , Xu          , Xu          , Xu          , Xu          , Re          , Rd          , Rd          , Rd          , Uu          , Re          , Re          , Xu          , Ur          , Xu          , Re          , Xu          , Xu          , Xu          , Re          , Xu          , Xu          , Xu          , Uu          , Uu^Uf       , Ww          , Uu^Uf       , Uu^Uf       , Ww          , Ww          , Uu          , Xu          , Xu          , Xu          
Xu          , Uu          , Xu          , Rd          , Re          , Re          , Uu          , Uu          , Xu          , Xu          , Xu          , Xu          , Xu          , Xu          , Xu          , Uu          , Xu          , Xu          , Uu          , Xu          , Ur          , Uu          , Xu          , Rd          , Rd          , Rd          , Xu          , Uu          , Ww          , Uu          , Uu^Uf       , Ww          , Ww          , Xu          , Xu          , Xu          , Xu          
Xu          , Xu          , Xu          , Xu          , Re          , Xu          , Re          , Xu          , Re          , Xu          , Rd          , Uu          , Uu          , Xu          , Xu          , Xu          , Xu          , Uu          , Re          , Xu          , Re          , Xu          , Xu          , Xu          , Xu          , Xu          , Xu          , Xu          , Xu          , Ww          , Ww          , Ww          , Ww          , Ww          , Rp          , Xu          , Xu          
Xu          , Xu          , Xu          , Re          , Xu          , Xu          , Re          , Re          , Xu          , Re          , Xu          , Xu          , Xu          , Xu          , Rr          , Rr          , Rr          , Xu          , Xu          , Re          , Xu          , Xu          , Rr          , Rr          , Rr          , Xu          , Xu          , Xu          , Uu          , Uu          , Ww          , Ww          , Ww          , Ww          , Xu          , Xu          , Xu          
Xu          , Xu          , Uu          , Rd          , Xu          , Xu          , Uu          , Xu          , Xu          , Xu          , Xu          , Xu          , Xu          , Rr          , Rr          , Rr          , Rr          , Rr          , Xu          , Xu          , Xu          , Rr          , Rr          , Rr          , Rr          , Rr          , Xu          , Xu          , Uu^Uf       , Xu          , Xu          , Ww          , Ww          , Ww          , Xu          , Xu          , Xu          
Xu          , Xu          , Xu          , Xu          , Uu^Uf       , Uu^Uf       , Xu          , Uu          , Xu          , Xu          , Rr          , Rr          , Rr          , Xu          , Xu          , Rr          , Xu          , Rr          , Rr          , Rr          , Rr          , Rr          , Xu          , Rr          , Xu          , Xu          , Xu          , Ur          , Xu          , Xu          , Xu          , Wwr         , Ww          , Ww          , Ww          , Xu          , Xu          
Xu          , Xu          , Xu          , Uu          , Xu          , Xu          , Xu          , Xu          , Xu          , Rr          , Rr          , 2 Rr        , Rr          , Rr          , Xu          , Xu          , Rr          , Rr          , Cud         , Cud         , Rr          , Rr          , Xu          , Xu          , Xu          , Xu          , Xu          , Uu          , Uu^Uf       , Xu          , Xu          , Xu          , Xu          , Ww          , Ww          , Xu          , Xu          
Xu          , Xu          , Re          , Ur          , Xu          , Xu          , Rr          , Rr          , Rr          , Xu          , Xu          , Rr          , Xu          , Rr          , Rr          , Rr          , Cud         , Rr          , Rr          , Rr          , Xu          , Rr          , Rr          , Rr          , Rr          , Xu          , Xu          , Xu          , Xu          , Uu          , Uu          , Uu^Uf       , Ww          , Ww          , Ww          , Xu          , Xu          
Xu          , Xu          , Rd          , Xu          , Xu          , Rr          , Rr          , 1 Rr        , Rr          , Rr          , Xu          , Xu          , Rr          , Rr          , Cud         , Cud         , Cud         , Rr          , Rr          , Xu          , Xu          , Rr          , Rr          , Rr          , Rr          , Rr          , Xu          , Xu          , Xu          , Uu          , Xu          , Uu^Uf       , Uu          , Ww          , Ww          , Xu          , Xu          
Xu          , Xu          , Xu          , Ur          , Ur          , Xu          , Xu          , Rr          , Xu          , Rr          , Rr          , Rr          , Cud         , Rr          , Rr          , Rr          , Rr          , Rr          , Cud         , Rr          , Rr          , Xu          , Xu          , Rr          , Xu          , Xu          , Rr          , Rr          , Rr          , Xu          , Xu          , Xu          , Uu^Uf       , Ww          , Ww          , Xu          , Xu          
Xu          , Xu          , Uu          , Xu          , Re          , Xu          , Xu          , Xu          , Xu          , Rr          , Rr          , Cud         , Rr          , Rr          , Xu          , Xu          , Xu          , Rr          , Rr          , Cud         , Cud         , Rr          , Rr          , Xu          , Xu          , Rr          , Rr          , Rr          , Rr          , Rr          , Xu          , Xu          , Ur          , Ww          , Ww          , Xu          , Xu          
Xu          , Xu          , Xu          , Re          , Xu          , Xu          , Rr          , Rr          , Rr          , Rr          , Xu          , Rr          , Xu          , Rr          , Rr          , Rr          , Rr          , Xu          , Xu          , Rr          , Rr          , Rr          , Cud         , Rr          , Rr          , Rr          , Xu          , Rr          , Xu          , Xu          , Xu          , Xu          , Uu^Uf       , Ww          , Ww          , Ww          , Xu          
Xu          , Xu          , Xu          , Uu          , Xu          , Rr          , Rr          , Rr          , Rr          , Rr          , Xu          , Rr          , Xu          , Rr          , Rr          , Rr          , Rr          , Rr          , Xu          , Xu          , Rr          , Rr          , Cud         , Cud         , Rr          , Rr          , Xu          , Xu          , Xu          , Xu          , Xu          , Xu          , Uu          , Ww          , Ww          , Ww          , Xu          
Gg          , Xu          , Xu          , Xu          , Xu          , Xu          , Xu          , Rr          , Xu          , Xu          , Rr          , Rr          , Rr          , Xu          , Xu          , Rr          , Xu          , Xu          , Rr          , Rr          , Cud         , Rr          , Rr          , Rr          , Xu          , Rr          , Rr          , Rr          , Rr          , Xu          , Xu          , Ww          , Ww          , Ww          , Uu          , Uu          , Xu          
Gs^Fp       , Gs^Fp       , Gs^Fp       , Xu          , Xu          , Xu          , Xu          , Xu          , Rr          , Rr          , Rr          , Rr          , Cud         , Rr          , Rr          , Xu          , Rr          , Rr          , Cud         , Cud         , Rr          , Rr          , Xu          , Xu          , Xu          , Rr          , Rr          , Rr          , Rr          , Rr          , Xu          , Xu          , Ww          , Ww          , Uu^Uf       , Xu          , Xu          
Gs^Fp       , Gs^Fp       , Gs^Fp       , Gg          , Gs          , Xu          , Xu          , Xu          , Rr          , Rr          , Cud         , Cud         , Cud         , Cud         , Cud         , Rr          , Rr          , Rr          , Rr          , Rr          , Xu          , Rr          , Rr          , Rr          , Rr          , Xu          , Xu          , Rr          , Xu          , Xu          , Xu          , Ww          , Ww          , Uu^Uf       , Xu          , Xu          , Xu          
Gs^Fp       , Gs^Fp       , Gs^Fp       , Gs^Fp       , Gg          , Gs          , Gs          , Xu          , Rr          , Rr          , Cud         , Cud         , Cud         , Cud         , Rr          , Rr          , Cud         , Rr          , Rr          , Xu          , Xu          , Rr          , Rr          , Rr          , Rr          , Rr          , Xu          , Xu          , Xu          , Xu          , Xu          , Ww          , Ww          , Ur          , Uu^Uf       , Xu          , Xu          
Gs^Fp       , Gs^Fp       , Gs^Fp       , Gg          , Ggf         , Ggf         , Gg          , Xu          , Rr          , Rr          , Cud         , Cud         , Rr          , Rr          , Cud         , Cud         , Cud         , Cud         , Cud         , Rr          , Rr          , Xu          , Xu          , Rr          , Xu          , Xu          , Rd          , Xu          , Xu          , Xu          , Ww          , Ww          , Xu          , Uu          , Ur          , Xu          , Xu          
Gg          , Gs^Fp       , Gs^Fp       , Gs^Fp       , Gs          , Ggf         , Gg          , Xu          , Rr          , Rr          , Rr          , Rr          , Cud         , Cud         , Cud         , Cud         , Cud         , Cud         , Rr          , Rr          , Rr          , Rr          , Xu          , Xu          , Xu          , Xu          , Rd          , Xu          , Uu^Uf       , Uu          , Ww          , Ww          , Xu          , Xu          , Uu          , Xu          , Xu          
Gg          , Gs          , Gg          , Ggf         , Gg          , Gg          , Rr          , Rr          , Rr          , Rr          , Rr          , Rr          , Rr          , Rr          , Rr          , Rr          , Rr          , Rr          , Rr          , Rr          , Xu          , Xu          , Uu^Uf       , Xu          , Re          , Re          , Xu          , Xu          , Uu^Uf       , Uu^Uf       , Ww          , Ww          , Xu          , Xu          , Uu          , Xu          , Xu          
Rr          , Rr          , Rr          , Rr          , Rr          , Rr          , Rr          , Rr          , Gs^Fp       , Xu          , Xu          , Rr          , Xu          , Rr          , Xu          , Rr          , Xu          , Rr          , Xu          , Xu          , Re          , Xu          , Xu          , Uu          , Re          , Uu          , Xu          , Xu          , Uu^Uf       , Uu          , Ww          , Wwr         , Xu          , Xu          , Ur          , Xu          , Xu          
Rr          , Rr          , Rr          , Rr          , Rr          , Rr          , Gs          , Gg          , Ggf         , Gs^Fp       , Gs^Fp       , Xu          , Xu          , Xu          , Xu          , Xu          , Rd          , Xu          , Re          , Re          , Xu          , Rd          , Xu          , Xu          , Uu          , Xu          , Xu          , Uu          , Uu          , Ww          , Ww          , Xu          , Ur          , Uu          , Uu^Uf       , Xu          , Xu          
Gg          , Gg          , Gg          , Gs          , Gs          , Gs          , Gs          , Ggf         , Ggf         , Gs^Fp       , Gs^Fp       , Xu          , Xu          , Xu          , Re          , Rd          , Xu          , Rd          , Xu          , Xu          , Rd          , Rd          , Xu          , Xu          , Uu          , Rd          , Rd          , Uu          , Ww          , Ww          , Ww          , Xu          , Uu^Uf       , Xu          , Xu          , Xu          , Xu          
Gg          , Gg^Fet      , Gg          , Gs          , Gg          , Gg          , Gg          , Gg          , Gg          , Gg          , Gg          , Xu          , Xu          , Re          , Xu          , Xu          , Uu          , Uu^Uf       , Xu          , Xu          , Rd          , Xu          , Re          , Re          , Uu          , Xu          , Uu          , Uu^Uf       , Ww          , Ww          , Ww          , Ur          , Xu          , Uu          , Uu          , Xu          , Xu          
Gs          , Gs          , Gs          , Gg          , Gg^Fet      , Gg^Fet      , Gg^Fet      , Gg          , Gg          , Gs^Fp       , Gs^Fp       , Xu          , Rd          , Rd          , Uu          , Xu          , Uu^Uf       , Xu          , Uu          , Uu^Uf       , Rd          , Xu          , Re          , Xu          , Uu          , Xu          , Xu          , Chw         , Ww          , Wwr         , Ww          , Xu          , Uu^Uf       , Uu          , Xu          , Xu          , Xu          
Gs          , Gs          , Gs          , Gg^Fet      , Gg          , Gg          , Gg          , Gg          , Gs^Fp       , Gs^Fp       , Gs^Fp       , Xu          , Xu          , Xu          , Uu          , Xu          , Xu          , Uu          , Uu          , Xu          , Xu          , Rd          , Xu          , Xu          , Xu          , Uu^Uf       , Xu          , 3 Khw       , Chw         , Ww          , Ww          , Xu          , Xu          , Xu          , Xu          , Xu          , Xu          
Gg          , Gs          , Gs          , Gs          , Gs          , Gs^Fp       , Gs^Fp       , Gs^Fp       , Gs          , Gs^Fp       , Gs^Fp       , Xu          , Xu          , Xu          , Xu          , Xu          , Xu          , Xu          , Xu          , Xu          , Xu          , Xu          , Xu          , Xu          , Xu          , Xu          , Xu          , Xu          , Xu          , Ww          , Ww          , Wwr         , Xu          , Xu          , Xu          , Xu          , Xu          
