border_size=1
usage=map

Gg          , Gg          , Gg          , Gg          , Gg          , Gg          , Gg          , Hh          , Hh          , Hh          , Gs          , Gs          , Gs          , Hh          , Gs^Ft       , Gs^Ft       , Gs^Ft       , Gs^Ft       , Gs^Ft       , Gs^Ft       , Gs^Ft       , Gs          , Gs          , Gs          , Gs          , Gs          , Ggf         , Ggf         , Gg^Fet      , Gg^Fet      , Gg^Fet      , Gg          , Re          , Re          , Ww          , Wo          , Ww          , Gg          , Gg          , Gg          , Ss          , Ss          , Ss          , Gg          , Gg          , Gg          , Gg          , Gg          , Gg          , Ss          
Gg          , Cud         , Cud         , Cud         , Gg          , Gg          , Gs^Ft       , Hh          , Gg^Ve       , Hh          , Gs          , Gs          , Hh          , Hh          , Hh          , Hh          , Gs^Ft       , Gs          , Gs^Ft       , Re          , Re          , Ggf         , Ggf         , Gs          , Re          , Re          , Re          , Ggf         , Gs          , Ggf         , Gg^Fet      , Re          , Re          , Ww^Bw\      , Ww^Bw\      , Ww          , Wwr         , Gg          , Gg          , Gs          , Gg          , Ss          , Gg          , Chr         , Chr         , Ch          , Chr         , Gg          , Gg          , Ss          
Gg          , Cud         , Cud         , Cud         , Gg          , Gg          , Hh          , Hh          , Hh          , Hh          , Gs          , Gs^Ft       , Hh          , Hh          , Hh          , Hh          , Gs          , Gg^Fet      , Re          , Re          , Gs          , Re          , Re          , Re          , Gs          , Ggf         , Ggf         , Re          , Re          , Re          , Re          , Re          , Gg          , Ww          , Ww          , Ww^Bw\      , Re          , Re          , Re          , Gg          , Ss          , Ss          , Ss          , Chr         , 4 Khr       , Chw         , Chw         , Ww          , Gg          , Gg          
Gg          , Cud         , 8 Kud       , Cud         , Cud         , Gg          , Gg          , Gs          , Hh          , Re^Uf       , Gs^Ft       , Gs^Ft       , Gs^Ft       , Gs          , Gs          , Gs          , Re          , Re          , Gs          , Gg^Ve       , Gs          , Gs          , Re^Uf       , Gs          , Gg^Fet      , Ggf         , Ggf         , Hh          , Gg          , Gg^Fet      , Gg          , Gg          , Gg          , Ww          , Ww          , Gg          , Gg          , Ss          , Re          , Ss          , Ss          , Ss          , Ss          , Gg          , Chw         , Chw         , Chw         , Ww          , Gg          , Gg          
Gg          , Gg          , Cud         , Cud         , Cud         , Gg          , Gg          , Gg^Fet      , Gs          , Re^Uf       , Re^Uf       , Gs^Ft       , Gs^Ft       , Re          , Re          , Re          , Gs          , Gs          , Gs          , Gs          , Gs          , Gs^Ft       , Gs^Ft       , Gs^Ft       , Gs          , Hh          , Hh          , Hh          , Hh          , Gg^Fet      , Gg          , Wwr         , Ww          , Ww          , Ww          , Gg          , Ss          , Ss          , Re          , Ss          , Ss          , Ss          , Ss          , Ww          , Ww          , Chw         , Wo          , Ss          , Ss          , Gg          
Gg          , Re          , Re          , Re          , Re          , Re          , Re          , Re          , Re^Uf       , Re          , Re          , Re          , Re          , Re          , Re          , Gs          , Gg^Fet      , Gs          , Gs          , Ggf         , Gs^Ft       , Gs^Ft       , Gs^Ft       , Gg^Fet      , Ggf         , Gs          , Hh          , Hh          , Hh          , Gg^Fet      , Gg^Fet      , Ww          , Ww          , Ww          , Gg          , Gg          , Re          , Re          , Ss          , Re          , Re          , Ss          , Ss          , Ss          , Ww          , Ss          , Wo          , Ss          , Ss          , Gg          
Re          , Re          , Re          , Gs^Ft       , Gg          , Re          , Re          , Re          , Re          , Re          , Gs          , Gs          , Gs          , Gs          , Re          , Re          , Gs          , Hh          , Gs          , Hh          , Gs^Ft       , Gs^Ft       , Gs^Ft       , Gs^Ft       , Ggf         , Gg^Fet      , Hh          , Hh          , Hh          , Gg          , Gg^Fet      , Ww          , Ww          , Ww          , Re          , Re          , Gg          , Gs^Fp       , Gg          , Ss          , Ss          , Re          , Ss^Vhs      , Gg          , Ww          , Ww          , Ss          , Wwr         , Ss          , Gg          
Re          , Gg          , Gg^Vh       , Gg          , Gg          , Gg          , Gg^Fet      , Gs          , Gs          , Gs          , Gs          , Gs^Ft       , Gs^Ft       , Gs^Ft       , Re^Uf       , Re          , Hh          , Hh          , Hh^Vhh      , Hh          , Hh          , Gg          , Gs^Ft       , Gs^Ft       , Gs          , Gg          , Hh          , Gg          , Re          , Gg          , Gg          , Gg          , Ww^Bw/      , Ww^Bw/      , Gg          , Gg          , Gs^Fp       , Gs^Fp       , Gs^Fp       , Gg          , Ss          , Re          , Re          , Gg          , Gg          , Ss          , Ww          , Ww          , Gg          , Gg          
Gg          , Gs^Ft       , Gg          , Gs^Ft       , Gs^Ft       , Gg          , Ggf         , Gs          , Gs          , Gs^Ft       , Gs          , Gs^Ft       , Gs^Ft       , Gs^Ft       , Gs^Ft       , Re          , Re          , Hh          , Hh          , Gg          , Gg^Fet      , Gg          , Gg          , Gg          , Gg          , Ggf         , Re          , Re          , Gg^Fet      , Re          , Re          , Re          , Ww          , Ww          , Gg          , Gg          , Gs^Fp       , Gs^Fp       , Gs^Fp       , Gg          , Ss          , Ss          , Gg          , Re          , Ss          , Ww          , Ww          , Ww          , Gg          , Gg          
Gg          , Gs^Ft       , Gs^Ft       , Hh          , Hh          , Hh          , Hh          , Gg          , Gs^Ft       , Gs^Ft       , Gs^Ft       , Gg          , Gs^Ft       , Gg          , Gs^Ft       , Gg          , Gs^Ft       , Re          , Re          , Gg          , Gg          , Gg          , Gs^Ft       , Gg          , Re          , Re          , Re          , Gg          , Gg^Fet      , Gg          , Gg          , Wwr         , Ww          , Ww          , Gg          , Gs^Fp       , Gg          , Gs^Fp       , Gs^Fp       , Gg          , Gg          , Gs^Fp       , Ss          , Re          , Re          , Ww          , Ww          , Ss          , Gg          , Gg          
Gg          , Hh          , Hh          , Hh          , Hh          , Hh          , Hh          , Aa^Vha      , Gg          , Gg          , Gg          , Gg          , Aa          , Aa          , Aa          , Ai          , Aa          , Gg          , Re          , Aa          , Aa          , Gg          , Re          , Re          , Gg^Fet      , Gg^Fet      , Gg^Fet      , Gg^Fet      , Gg^Fet      , Hh          , Gg          , Ww          , Ww          , Gg          , Gg          , Gg          , Gg          , Gs^Fp       , Gs^Fp       , Gg          , Gg          , Ggf         , Gg          , Ss          , Ss          , Re          , Ss          , Ss          , Gg          , Gs^Fp       
Hh          , Hh          , Hh          , Re^Uf       , Gg          , Gg          , Gg          , Aa          , Aa          , Aa          , Gg          , Aa          , Aa          , Aa          , Ai          , Ai          , Ai          , Aa          , Re          , Re          , Aa          , Re          , Re          , Aa          , Gg^Fet      , Gg^Fet      , Gg^Fet      , Hh          , Hh          , Gg          , Ww          , Ww          , Ww          , Gg          , Ggf         , Gg^Ve       , Gg          , Gg          , Gg          , Ggf         , Gg          , Ggf         , Ss          , Ss          , Ss          , Re          , Ss          , Gg          , Gs^Fp       , Gs^Fp       
Hh          , Gg          , Gg          , Aa          , Aa          , Gg          , Gg          , Gg          , Gg          , Gg          , Aa^Fpa      , Aa          , Gg          , Aa^Fpa      , Ai          , Ai          , Ai          , Aa^Fpa      , Aa^Fpa      , Re          , Re          , Re          , Aa          , Gg^Fet      , Gg^Fet      , Gg^Fet      , Gg^Fet      , Gg          , Hh          , Gg^Fet      , Ww          , Ww          , Ww          , Gg          , Gg          , Gs^Fp       , Gg          , Gg          , Ggf         , Ggf         , Ggf         , Ggf         , Gg          , Gg          , Gg          , Re          , Re          , Gg          , Gs^Fp       , Gs^Fp       
Gg          , Gg          , Aa^Vha      , Aa^Fpa      , Aa^Fpa      , Aa^Fpa      , Aa          , Aa          , Gg          , Aa^Fpa      , Gg          , Aa          , Aa          , Aa          , Ce          , Aa^Fpa      , Ce          , Ce          , Re          , Re          , Re          , Gg          , Aa          , Hh          , Hh          , Gg^Fet      , Xu          , Gg^Fet      , Gg          , Ww          , Ww          , Ww          , Gg          , Gg          , Gs^Fp       , Gg          , Gs^Fp       , Gs^Fp       , Ggf         , Ggf         , Ggf         , Gg          , Gg          , Gs^Fp       , Gg          , Gg          , Re          , Re          , Gg          , Gg          
Gg          , Gg          , Aa          , Aa^Fpa      , Aa^Fpa      , Aa          , Aa          , Aa^Fpa      , Aa^Fpa      , Aa^Fpa      , Re          , Re          , Re          , Aa          , Ce          , Ce          , Re          , Re          , Re          , Ha          , Re          , Ha          , Xu          , Xu          , Xu          , Xu          , Uu^Vud      , Xu          , Xu          , Ww          , Ww          , Gg          , Gg          , Gg          , Gs^Fp       , Gs^Fp       , Gs^Fp       , Gs^Fp       , Ggf         , Gg          , Ggf         , Gg          , Gg          , Gs^Fp       , Gg          , Gg          , Re          , Re          , Gg          , Gg          
Gg          , Gg          , Gg          , Aa^Fpa      , Gg          , Re^Uf       , Re^Uf       , Re          , Re          , Re          , Aa^Fpa      , Aa^Fpa      , Ce          , Ce          , Re          , 1 Ke        , Re          , Ha          , Ha          , Ha          , Xu          , Xu          , Xu          , Uu^Vud      , Xu          , Uu          , Xu          , Uu          , Xu          , Ww          , Ww          , Gg          , Ggf         , Gg          , Gs^Fp       , Gg          , Gg          , Gs^Fp       , Gg          , Hh^Vhh      , Hh          , Hh          , Gg          , Gs^Fp       , Gg          , Gs^Fp       , Re          , Re          , Re          , Re          
Gg          , Gg          , Gg          , Gg          , Re^Uf       , Aa          , Re          , Aa          , Aa          , Aa          , Ha          , Aa^Fpa      , Ha          , Ha          , Ha          , Re          , Re          , Re          , Ha          , Xu          , Uu          , Uu^Vud      , Xu          , Uu          , Uu          , Xu          , Uu          , Uu          , Xu          , Wwr         , Xu          , Xu          , Xu          , Gg          , Gs^Fp       , Gs^Fp       , Gs^Fp       , Hh          , Hh          , Hh          , Hh          , Gg          , Gg          , Gg          , Gs^Fp       , Re          , Re          , Re          , Gg          , Re          
Gg          , Gg          , Gg          , Gg          , Aa^Fpa      , Re          , Re          , Aa          , Ha          , Ha          , Ha          , Ha          , Ha          , Ha          , Mm          , Mm          , Re          , Re          , Xu          , Re          , Uu          , Uu          , Xu          , Re          , Rd          , Uu          , Xu          , Xu          , Uu          , Ww          , Uu          , Uu          , Xu          , Xu          , Xu          , Gg          , Hh          , Hh          , Hh          , Ggf         , Gg          , Ggf         , Gg          , Gg^Vh       , Re          , Re          , Gg          , Gg          , Gg          , Gg          
Gg          , Gg          , Gg          , Gg          , Aa          , Re          , Re          , Gg          , Aa          , Aa          , Ha          , Ha          , Ha          , Mm          , Mm          , Xu          , Xu          , Re          , Re          , Re          , Uu^Vu       , Uu          , Xu          , Uu          , Uu          , Uu          , Uu          , Uu          , Ur          , Ww^Bw/      , Ur          , Xu          , Cud         , Kud         , Cud         , Xu          , Hh          , Hh          , Ggf         , Gg          , Ggf         , Gg          , Gg          , Re          , Re          , Gg          , Ch          , Ch          , Ch          , Gg          
Gg          , Gg          , Aa^Vea      , Re          , Re          , Re          , Aa^Fpa      , Aa^Fpa      , Gg          , Aa          , Aa^Fpa      , Ha          , Mm          , Mm          , Xu          , Xu          , Uu^Vu       , Re          , Re          , Re          , Uu          , Xu          , Uu          , Cud         , Cud         , Cud         , Uu^Vu       , Uu          , Ww          , Ww          , Uu^Vud      , Xu          , Uu          , Cud         , Ql          , Xu          , Hh          , Gg          , Gg          , Ggf         , Ggf         , Gg          , Ggf         , Re          , Re          , Ch          , Ch          , Ch          , Ch          , Gg          
Gg          , Gg          , Aa          , Re          , Aa          , Aa          , Aa^Fpa      , Gg          , Aa          , Aa          , Ha          , Mm          , Mm          , Xu          , Rd          , Rd          , Rd          , Re          , Re          , Uu^Vu       , Xu          , Xu          , Uu          , Cud         , 9 Kud       , Cud         , Uu          , Uu          , Ww          , Ww          , Ww          , Ur          , Uu          , Uu          , Ql          , Xu          , Xu          , Gg          , Gg          , Gg          , Gs          , Gs          , Gs          , Re          , Re          , Chw         , Chw         , 5 Khw       , Chw         , Gg          
Gg          , Gg          , Gg          , Re          , Aa          , Gs^Fp       , Aa          , Aa          , Aa          , Ha          , Ha          , Mm          , Mm          , Xu          , Uu^Vud      , Re          , Uu          , Re          , Qxu         , Xu          , Uu          , Uu          , Uu          , Uh          , Cud         , Uh          , Re          , Uu          , Ww          , Ww          , Wwr         , Uu^Uf       , Uu          , Xu          , Xu          , Ql          , Ql          , Gg          , Gg          , Gg          , Gs          , Gs          , Gs          , Re          , Gg          , Ww          , Ww          , Chw         , Ww          , Gg          
Gg          , Gs^Fp       , Gg          , Re          , Gg          , Gg          , Gg          , Aa^Vea      , Gg          , Md          , Hd          , Mm          , Mm          , Xu          , Uu          , Re          , Uu^Vud      , Xu          , Qxu         , Uu^Vu       , Qxu         , Rr          , Uu          , Uu          , Xu          , Uu          , Xu          , Uu          , Ur          , Uu^Vu       , Ww          , Uu^Uf       , Xu          , Uu          , Uu          , Ql          , Xu          , Gg          , Gg          , Gs^Fp       , Gg          , Ww          , Ww          , Re          , Gg          , Ww          , Ww          , Ww          , Gg          , Gg          
Gs^Fp       , Gs^Fp       , Gg          , Re          , Gg          , Gs^Fp       , Gg          , Gg          , Gg          , Md          , Mm          , Mm          , Xu          , Xu          , Xu          , Re          , Re          , Xu          , Xu          , Qxu         , Xu          , Qxu         , Xu          , Xu          , Uu^Vud      , Xu          , Kud         , Xu          , Xu          , Ww          , Ww          , Uu          , Uu          , Xu          , Uu          , Uu          , Xu          , Gg          , Gs^Fp       , Gs^Fp       , Ww          , Wo          , Wo          , Ww^Bw|      , Wo          , Ww          , Ww          , Ww          , Gg          , Gg          
Gs^Fp       , Gs^Fp       , Gg          , Re          , Gg          , Gs^Fp       , Gs^Fp       , Gg          , Gg          , Md          , Mm          , Mm          , Xu          , Uu          , Re          , Re          , Uu^Uf       , Uu          , Re          , Xu          , Rd          , Xu          , Xu          , Uu^Vu       , Uu          , Cud         , Cud         , Xu          , Ww          , Ww          , Uu          , Uu^Vu       , Uu          , Xu          , Uu^Vu       , Xu          , Xu          , Gg          , Gs^Fp       , Gs^Fp       , Ww          , Wwr         , Wo          , Re          , Wo          , Ww          , Gg          , Gs^Fp       , Gs^Fp       , Gs^Fp       
Gg          , Gg          , Gg          , Re          , Gg          , Gg          , Gs^Fp       , Gg          , Gg          , Md          , Mm^Vhh      , Mm          , Xu          , Uu^Vud      , Uu^Uf       , Uu          , Uu          , Xu          , Xu          , Rd          , Xu          , Rd          , Xu          , Uu^Vud      , Xu          , Xu          , Xu          , Xu          , Ww          , Uu          , Xu          , Uu          , Uu          , Uu          , Xu          , Xu          , Xu          , Gg          , Gs^Fp       , Gg          , Ww          , Ww          , Ww          , Re          , Re          , Gg          , Gg          , Gs^Fp       , Gs^Fp       , Gs^Fp       
Gg          , Gg          , Gg          , Re          , Gg          , Gg          , Gg          , Gg          , Gg          , Md          , Md          , Mm          , Xu          , Uu^Uf       , Uu^Uf       , Rd          , Uu          , Uu^Vu       , Xu          , Rd          , Rd          , Xu          , Re          , Xu          , Uu          , Uu^Vu       , Uu          , Uu          , Ww^Bw\      , Rr          , Uu          , Xu          , Xu          , Xu          , Cud         , Cud         , Xu          , Gg          , Gg          , Gg          , Gg          , Gg          , Gg          , Gg          , Re          , Re          , Re          , Gg          , Gs^Fp       , Gs^Fp       
Rr          , Rr          , Rr          , Re          , Rr          , Rr          , Rp          , Rr          , Rp          , Rr          , Md          , Hd          , Hd          , Xu          , Xu          , Rd          , Ql          , Uu          , Uu          , Xu          , Xu          , Xu          , Re          , Uu^Vu       , Uu          , Uu^Uf       , Uu^Uf       , Ww          , Ww          , Uu          , Uu          , Xu          , Xu          , Uu^Vud      , Kud         , Xu          , Gg          , Gg          , Gg          , Gg          , Gs          , Ggf         , Ggf         , Ggf         , Gg          , Ggf         , Re          , Gg          , Gg          , Gg          
Rr          , Rp          , Rr          , Rp          , Rr          , Rr          , Rr          , Rr          , Rr          , Rr          , Rr          , Md          , Md          , Mm          , Xu          , Xu          , Ql          , Rd          , Uu          , Uu^Vu       , Uu          , Re          , Re          , Xu          , Xu          , Uu          , Ww          , Ww          , Uu          , Uu^Vu       , Uu^Uf       , Uu          , Xu          , Uu^Vud      , Uu^Vud      , Xu          , Gg          , Gg          , Gs^Fp       , Gs^Fp       , Ggf         , Ggf         , Ggf         , Ggf         , Ggf         , Gg          , Re          , Gg^Vh       , Gg          , Gg          
Gg          , Gg          , Gg          , Re          , Gg          , Gg^Ve       , Gg          , Gg          , Gg          , Gg          , Gg          , Gg          , Md          , Mm          , Mm          , Ql          , Ql          , Ql          , Uu          , Uu          , Cud         , Uu          , Uu          , Uu^Vu       , Xu          , Uu          , Ww^Bw\      , Ww          , Uu          , Uu          , Xu          , Xu          , Uu          , Xu          , Xu          , Xu          , Gg          , Gg          , Gs^Fp       , Gs^Fp       , Gg          , Gg          , Ggf         , Gg          , Gg          , Gg          , Re          , Gg          , Rp          , Rr          
Gg          , Gg          , Gg          , Re          , Re          , Gg          , Gg          , Gg          , Gg          , Gg          , Gg          , Gg          , Md          , Hd          , Mm          , Xu          , Uu          , Uu          , Uu          , Cud         , 3 Kud       , Cud         , Uu^Vu       , Wwf         , Ww          , Ww          , Ww          , Uu^Uf       , Uu^Uf       , Xu          , Uu          , Uu^Vud      , Uu          , Uu^Vud      , Xu          , Gg          , Gg          , Gg          , Gg          , Gg          , Gs^Fp       , Gg          , Gg          , Gg          , Gs^Fp       , Rr          , Re          , Rr          , Rr          , Rr          
Ss          , Ss          , Ss          , Gg          , Gg          , Re          , Re          , Re          , Re          , Gg          , Gg          , Gg          , Gg          , Gg          , Hd          , Xu          , Uu^Vud      , Uu          , Uu          , Cud         , Cud         , Cud         , Xu          , Xu          , Ww          , Ww          , Uu          , Ur          , Uu^Uf       , Uu^Vud      , Uu          , Uu^Uf       , Uu          , Xu          , Gg          , Gg          , Gg          , Rr          , Rr          , Rr          , Rr          , Rr          , Rp          , Rr          , Rr          , Rr          , Rr          , Re          , Rr          , Gg          
Ss          , Ss          , Ss          , Gg          , Gg          , Gg          , Ggf         , Gg          , Ggf         , Re          , Re          , Gg          , Gg          , Gg          , Gg          , Xu          , Xu          , Re          , Xu          , Uu          , Xu          , Xu          , Wwr         , Ww          , Ww          , Uu^Vu       , Xu          , Uu^Vu       , Uu          , Uu          , Xu          , Uh          , Xu          , Xu          , Rr          , Rr          , Rr          , Rr          , Rr          , Rr          , Rr          , Rr          , Rr          , Rr          , Rr          , Rp          , Gg          , Re          , Gg          , Gg          
Ss          , Ss          , Gg          , Gg          , Gg          , Gg          , Ggf         , Ggf         , Re          , Ggf         , Re          , Re          , Gg          , Gg          , Gg          , Gg          , Gg          , Xu          , Ggf         , Xu          , Ww          , Wwr         , Ww          , Wwr         , Xu          , Xu          , Xu          , Xu          , Uu          , Xu          , Xu          , Re          , Rr          , Rp          , Rr          , Rr          , Rr          , Rp          , Gg          , Gs^Fp       , Gs^Fp       , Gg^Ve       , Gg          , Gg          , Gg          , Gg          , Gg          , Re          , Gg          , Gg          
Ss          , Ww          , Ww          , Ww          , Ww          , Ww          , Gg          , Gg          , Ggf         , Ggf         , Gg          , Re          , Ggf         , Gg          , Ggf         , Re          , Ggf         , Gg          , Gg          , Ww          , Ww          , Ww          , Ds          , Gg          , Gg          , Gg          , Gg          , Gg          , Gg          , Gg          , Gg          , Re          , Gg          , Gs^Fp       , Gs^Fp       , Gs^Fp       , Gg          , Ggf         , Gs^Fp       , Gg          , Ggf         , Gg          , Gg          , Gs^Fp       , Gs^Fp       , Gg          , Gg          , Re          , Gg          , Gs^Fp       
Ww          , Ww          , Ww          , Ww          , Ww          , Wo          , Ww          , Ww          , Gg          , Gg          , Gg          , Re          , Gg          , Gg          , Re          , Gs^Fp       , Re          , Gs^Fp       , Gg          , Ww          , Ww          , Ds          , Ds          , Gg          , Gg          , Ggf         , Gg          , Gg          , Ce          , Ce          , Ce          , Re          , Gg          , Gg^Vh       , Gs^Fp       , Ggf         , Ggf         , Ggf         , Gg          , Gs^Fp       , Gg          , Gg          , Gs^Fp       , Gs^Fp       , Gs^Fp       , Gs^Fp       , Gg          , Re          , Gs^Fp       , Gs^Fp       
Ww          , Ggf         , Ggf         , Gg^Vh       , Wo          , Wo          , Ww          , Ss          , Ss          , Ss          , Gg          , Re          , Gg^Vh       , Re          , Re          , Gs^Fp       , Gs^Fp       , Gs^Fp       , Gg          , Ww          , Ww          , Ds          , Ds          , Gg          , Ggf         , Ggf         , Ggf         , Gg          , Ce          , 2 Ke        , Ce          , Re          , Gg          , Gg          , Ggf         , Ggf         , Ggf         , Ggf         , Ggf         , Gg          , Gg          , Gg          , Gs^Fp       , Gs^Fp       , Gg          , Gs^Fp       , Gg          , Re          , Gs^Fp       , Gs^Fp       
Ww          , Gg^Vh       , Gg          , Ww          , Gg          , Wo          , Ww          , Ww          , Ss          , Ss          , Gg          , Re          , Re          , Gg          , Gs^Fp       , Gs^Fp       , Gs^Fp       , Gg          , Ww          , Ww          , Re          , Ds          , Ds          , Gg^Vh       , Ggf         , Gg          , Gg          , Gg          , Gg          , Ce          , Re          , Re          , Gg          , Gg          , Gg          , Ggf         , Ggf         , Ggf         , Ggf         , Ss          , Gg          , Gg          , Gg          , Gg          , Gs^Fp       , Gs^Fp       , Ggf         , Re          , Re          , Ggf         
Ww          , Ww          , Ww          , Ww          , Wo          , Ww          , Ww          , Ss          , Ss          , Re          , Re          , Gg          , Re          , Re          , Gs^Fp       , Re          , Gg          , Gg          , Ww^Bw/      , Ww^Bw/      , Ds          , Re          , Re          , Gg          , Gg          , Gg          , Gg          , Gg          , Gg          , Re          , Re          , Ggf         , Gg          , Gg          , Gg          , Ww          , Ww          , Ww          , Ggf         , Ss          , Ss^Vhs      , Ss          , Gg          , Gg          , Gs^Fp       , Gs^Fp       , Ggf         , Ggf         , Re          , Ggf         
Wwr         , Gg          , Ww          , Ss          , Ww          , Ss          , Ss          , Ss          , Ss          , Re          , Re          , Re          , Re          , Re          , Re          , Re          , Re          , Re          , Ww          , Ww          , Ds          , Ds          , Gg          , Re          , Re          , Gg          , Re          , Re          , Re          , Re          , Ggf         , Ggf         , Ggf         , Ggf         , Ww          , Ww          , Ww          , Ww          , Ds          , Ss          , Ss          , Ss          , Gg          , Gg          , Gg          , Gg          , Ggf         , Ggf         , Re          , Ggf         
Gg          , Gg          , Gg          , Ss          , Ss          , Ss          , Re          , Re          , Re          , Re          , Gg          , Gg          , Re          , Gs^Fp       , Gs^Fp       , Gs^Fp       , Ggf         , Wwr         , Ww          , Ww          , Ds          , Gg          , Gg          , Gs^Fp       , Re          , Re          , Re          , Ggf         , Ggf         , Ggf         , Ggf         , Ggf         , Ggf         , Ss          , Ww          , Ww          , Wwr         , Ds          , Ds          , Gg          , Gg          , Gg          , Ss          , Gg          , Gg          , Gg          , Gg          , Gg          , Re          , Ggf         
Re          , Re          , Re          , Re          , Re          , Re          , Re          , Gs^Ft       , Gs^Ft       , Gs^Ft       , Gg          , Re          , Re          , Gs^Fp       , Gs^Fp       , Gg          , Ggf         , Ww          , Ww          , Ds          , Ds          , Gs^Fp       , Gs^Fp       , Gs^Fp       , Gs^Fp       , Re          , Gg          , Ggf         , Ggf         , Gg          , Gg          , Gs^Fp       , Gg          , Ss          , Ss          , Ss          , Ss          , Ds          , Ds          , Gg          , Gg          , Gg          , Ss          , Gg          , Ggf         , Gg          , Gg          , Gg          , Re          , Gg          
Re          , Ss          , Ss          , Ss          , Gs^Ft       , Ggf         , Gg          , Gs^Ft       , Gs^Ft       , Gs^Ft       , Gg          , Re          , Gg          , Gg          , Gg          , Ggf         , Ggf         , Ww          , Ww          , Ds          , Ds          , Gs^Fp       , Gs^Fp       , Gs^Fp       , Gg          , Re          , Gg          , Gg          , Gg          , Gs^Fp       , Gs^Fp       , Gs^Fp       , Gg          , Ss          , Ss          , Ss          , Ss          , Gg          , Gg          , Gs^Fp       , Gs^Fp       , Gg          , Gg          , Gg          , Gg^Ve       , Hh          , Gg          , Gg          , Re          , Ggf         
Gg          , Ss          , Ss          , Gg          , Ggf         , Ggf         , Ggf         , Ggf         , Gg^Ve       , Gg          , Gg          , Re          , Gg          , Gg          , Ggf         , Ggf         , Ww          , Ww          , Wwr         , Ds          , Ds          , Gg          , Gs          , Gg          , Re          , Re          , Gg          , Gg          , Gs^Fp       , Gs^Fp       , Gs^Fp       , Gs^Fp       , Gs^Fp       , Gg          , Gg          , Gg          , Ss          , Gg          , Gg          , Gg          , Gg          , Ggf         , Gg          , Gg          , Gg          , Hh          , Gg          , Re          , Re          , Gg          
Ss          , Gg          , Gg          , Gg          , Ggf         , Ggf         , Ggf         , Gg          , Re          , Gg          , Re          , Re          , Re          , Re          , Re          , Ww          , Ww          , Ww          , Ds          , Ds          , Gg          , Gg          , Gg          , Gs^Fp       , Re          , Gg          , Gg          , Gg          , Gg          , Gg          , Gs^Fp       , Gg          , Gg          , Gs^Fp       , Gg          , Gs^Fp       , Gg          , Gg          , Gg          , Gg          , Gg          , Cv          , Gg          , Gg          , Hh          , Hh          , Hh          , Re          , Gg          , Hh          
Gg          , Gg          , Ch          , Gg          , Ch          , Gg          , Gg          , Re          , Re          , Re          , Gg          , Gs^Ft       , Gg          , Re          , Re          , Ww          , Ww          , Ds          , Ds          , Ds          , Gg          , Ggf         , Gg          , Gs^Fp       , Re          , Gg          , Gg          , Gg          , Gg          , Gg          , Gg          , Gg          , Gg          , Gs^Fp       , Gs^Fp       , Gs^Fp       , Gs^Fp       , Gs^Fp       , Gg          , Cv          , Cv          , Cv          , Cv          , Gg          , Gg          , Gg          , Gg          , Re          , Hh          , Hh          
Gg          , Chr         , Chr         , Chr         , Ch          , Gg          , Gg          , Re          , Re          , Gs^Ft       , Gs^Ft       , Gs^Ft       , Gs^Ft       , Gg          , Gg          , Ww^Bw\      , Ww^Bw\      , Ds          , Ds          , Dd^Vda      , Gg          , Gg          , Gs^Fp       , Re          , Re          , Re          , Re          , Re          , Re          , Re          , Re          , Ggf         , Gg          , Gg          , Gs^Fp       , Gg          , Gs^Fp       , Gg          , Gg          , Cv          , 7 Kv        , Cv          , Cv          , Cv          , Gg          , Ggf         , Re          , Re          , Hh          , Hh          
Gg          , Chr         , Chr         , 6 Khr       , Chr         , Ch          , Re          , Re          , Gs^Ft       , Gs^Ft       , Gs^Ft       , Gs^Ft       , Gg          , Gg          , Ww          , Ww          , Wwr         , Re          , Re          , Re          , Re          , Re          , Re          , Re          , Gg          , Gg          , Gg          , Gg          , Gg^Ve       , Gg          , Re          , Gg          , Re          , Re          , Re          , Gg          , Gg          , Gg          , Gg          , Gg          , Cv          , Cv          , Cv          , Gg          , Gg          , Gg          , Re          , Ggf         , Ggf         , Hh          
Gg          , Gg          , Chr         , Chr         , Chr         , Ch          , Re          , Gg          , Gg          , Gg          , Gg          , Gg          , Gg          , Wwr         , Ww          , Ww          , Ds          , Ds          , Ds          , Gg          , Gg          , Gg          , Gg          , Gs^Fp       , Gg          , Gg          , Gg          , Gg          , Gg          , Gg          , Gg          , Re          , Gg          , Gg          , Ggf         , Re          , Re          , Re          , Re          , Re          , Gg          , Re          , Re          , Re          , Re          , Re          , Re          , Ggf         , Ggf         , Hh          
Gg          , Gg          , Gg          , Gg          , Re          , Re          , Gg          , Gg          , Gg          , Gg          , Gs^Ft       , Gg          , Gg          , Ww          , Ww          , Ww          , Ds          , Ds          , Ds          , Gg          , Gg          , Gg          , Gg          , Gs^Fp       , Gg          , Gs^Fp       , Gs^Fp       , Gs^Fp       , Gg          , Gg          , Hh          , Hh          , Hh          , Hh          , Hh          , Hh          , Hh          , Hh          , Gg          , Gg          , Re          , Gg          , Ggf         , Gg          , Re          , Re          , Gg          , Hh          , Hh          , Hh          
